// ----------------------------------------------------------------------------
// Smart High-Level Synthesis Tool Version 2023.1
// Copyright (c) 2015-2023 Microchip Technology Inc. All Rights Reserved.
// For support, please visit https://microchiptech.github.io/fpga-hls-docs/techsupport.html.
// Date: Fri Mar 31 13:56:04 2023
// ----------------------------------------------------------------------------
Target FPGA: MICROSEMI PolarFire
Project type: hw_onlyClock period constraint: 10ns
Start Function: sobel_filter
state: LEGUP_0, basic block: BB_entry
   br label %for.cond1.preheader, !dbg !387, !MSB !390, !LSB !391, !ExtendFrom !390
   Transition: if (start): LEGUP_F_sobel_filter_BB_for_cond1_preheader_1 default: LEGUP_0
state: LEGUP_F_sobel_filter_BB_for_cond1_preheader_1, basic block: BB_for_cond1_preheader
   %i.038 = phi i32 [ 0, %entry ], [ %26, %for.inc57 ], !MSB !392, !LSB !391, !ExtendFrom !392 (endState: LEGUP_F_sobel_filter_BB_for_cond1_preheader_1)
   %bit_select17 = call i23 @hls_bit_select_23_32(i32 %i.038, i64 22, i64 0), !MSB !392, !LSB !391, !ExtendFrom !392 (endState: LEGUP_F_sobel_filter_BB_for_cond1_preheader_1)
   %bit_concat20 = call i32 @hls_bit_concat_23_9(i23 %bit_select17, i64 23, i9 0, i64 9), !MSB !393, !LSB !392, !ExtendFrom !393 (endState: LEGUP_F_sobel_filter_BB_for_cond1_preheader_1)
   %0 = add i32 %bit_concat20, -513, !dbg !394, !MSB !396, !LSB !391, !ExtendFrom !397 (endState: LEGUP_F_sobel_filter_BB_for_cond1_preheader_1)
   %1 = add i32 %bit_concat20, -512, !dbg !394, !MSB !396, !LSB !392, !ExtendFrom !397 (endState: LEGUP_F_sobel_filter_BB_for_cond1_preheader_1)
   %2 = add i32 %bit_concat20, -511, !dbg !394, !MSB !396, !LSB !391, !ExtendFrom !397 (endState: LEGUP_F_sobel_filter_BB_for_cond1_preheader_1)
   %3 = add i32 %bit_concat20, -1, !dbg !394, !MSB !396, !LSB !391, !ExtendFrom !397 (endState: LEGUP_F_sobel_filter_BB_for_cond1_preheader_1)
   %bit_concat19 = call i32 @hls_bit_concat_23_9(i23 %bit_select17, i64 23, i9 1, i64 9), !MSB !393, !LSB !391, !ExtendFrom !393 (endState: LEGUP_F_sobel_filter_BB_for_cond1_preheader_1)
   %bit_concat18 = call i32 @hls_bit_concat_23_9(i23 %bit_select17, i64 23, i9 -1, i64 9), !MSB !393, !LSB !391, !ExtendFrom !393 (endState: LEGUP_F_sobel_filter_BB_for_cond1_preheader_1)
   %4 = add i32 %bit_concat20, 512, !dbg !394, !MSB !397, !LSB !392, !ExtendFrom !397 (endState: LEGUP_F_sobel_filter_BB_for_cond1_preheader_1)
   %5 = add i32 %bit_concat20, 513, !dbg !394, !MSB !397, !LSB !391, !ExtendFrom !397 (endState: LEGUP_F_sobel_filter_BB_for_cond1_preheader_1)
   %i.0.off = add i32 %i.038, -1, !dbg !394, !MSB !396, !LSB !391, !ExtendFrom !398 (endState: LEGUP_F_sobel_filter_BB_for_cond1_preheader_1)
   %6 = icmp ugt i32 %i.0.off, 509, !dbg !394, !MSB !391, !LSB !391, !ExtendFrom !391 (endState: LEGUP_F_sobel_filter_BB_for_cond1_preheader_1)
   %bit_concat16 = call i32 @hls_bit_concat_31_1(i31 0, i64 31, i1 %6, i64 1), !MSB !391, !LSB !391, !ExtendFrom !391 (endState: LEGUP_F_sobel_filter_BB_for_cond1_preheader_1)
   br label %for.body3, !dbg !399, !MSB !390, !LSB !391, !ExtendFrom !390
   Transition: default: LEGUP_F_sobel_filter_BB_for_body3_2
state: LEGUP_F_sobel_filter_BB_for_body3_2, basic block: BB_for_body3
   %7 = phi i32 [ 0, %for.cond1.preheader ], [ %24, %for.inc54 ], !dbg !394, !MSB !396, !LSB !391, !ExtendFrom !396 (endState: LEGUP_F_sobel_filter_BB_for_body3_2)
   %loop.init.phi = phi i32 [ %bit_concat20, %for.cond1.preheader ], [ %25, %for.inc54 ], !MSB !396, !LSB !391, !ExtendFrom !396 (endState: LEGUP_F_sobel_filter_BB_for_body3_2)
   %mem.flat.gep87 = getelementptr [262144 x i8]* %out, i32 0, i32 %loop.init.phi, !dbg !402, !MSB !390, !LSB !391, !ExtendFrom !390 (endState: LEGUP_F_sobel_filter_BB_for_body3_2)
   %cmp7 = icmp slt i32 %7, 1, !dbg !394, !MSB !391, !LSB !391, !ExtendFrom !391 (endState: LEGUP_F_sobel_filter_BB_for_body3_2)
   %bit_concat15 = call i32 @hls_bit_concat_31_1(i31 0, i64 31, i1 %cmp7, i64 1), !MSB !391, !LSB !391, !ExtendFrom !391 (endState: LEGUP_F_sobel_filter_BB_for_body3_2)
   %or9 = or i32 %bit_concat15, %bit_concat16, !dbg !394, !MSB !391, !LSB !391, !ExtendFrom !391 (endState: LEGUP_F_sobel_filter_BB_for_body3_2)
   %cmp10 = icmp sgt i32 %7, 510, !dbg !394, !MSB !391, !LSB !391, !ExtendFrom !391 (endState: LEGUP_F_sobel_filter_BB_for_body3_2)
   %bit_concat14 = call i32 @hls_bit_concat_31_1(i31 0, i64 31, i1 %cmp10, i64 1), !MSB !391, !LSB !391, !ExtendFrom !391 (endState: LEGUP_F_sobel_filter_BB_for_body3_2)
   %or12 = or i32 %or9, %bit_concat14, !dbg !394, !MSB !391, !LSB !391, !ExtendFrom !391 (endState: LEGUP_F_sobel_filter_BB_for_body3_2)
   %tobool = icmp eq i32 %or12, 0, !dbg !394, !MSB !391, !LSB !391, !ExtendFrom !391 (endState: LEGUP_F_sobel_filter_BB_for_body3_2)
   %8 = add i32 %5, %7, !dbg !394, !MSB !396, !LSB !391, !ExtendFrom !396 (endState: LEGUP_F_sobel_filter_BB_for_body3_2)
   %9 = add i32 %4, %7, !dbg !394, !MSB !396, !LSB !391, !ExtendFrom !396 (endState: LEGUP_F_sobel_filter_BB_for_body3_2)
   %10 = add i32 %bit_concat18, %7, !dbg !394, !MSB !396, !LSB !391, !ExtendFrom !396 (endState: LEGUP_F_sobel_filter_BB_for_body3_2)
   %11 = add i32 %bit_concat19, %7, !dbg !394, !MSB !396, !LSB !391, !ExtendFrom !396 (endState: LEGUP_F_sobel_filter_BB_for_body3_2)
   %12 = add i32 %3, %7, !dbg !394, !MSB !396, !LSB !391, !ExtendFrom !396 (endState: LEGUP_F_sobel_filter_BB_for_body3_2)
   %13 = add i32 %2, %7, !dbg !394, !MSB !396, !LSB !391, !ExtendFrom !396 (endState: LEGUP_F_sobel_filter_BB_for_body3_2)
   %14 = add i32 %1, %7, !dbg !394, !MSB !396, !LSB !391, !ExtendFrom !396 (endState: LEGUP_F_sobel_filter_BB_for_body3_2)
   %15 = add i32 %0, %7, !dbg !394, !MSB !396, !LSB !391, !ExtendFrom !396 (endState: LEGUP_F_sobel_filter_BB_for_body3_2)
   br i1 %tobool, label %for.cond14.preheader, label %for.inc54, !dbg !394, !MSB !390, !LSB !391, !ExtendFrom !390
   Transition: if (%tobool): LEGUP_F_sobel_filter_BB_for_cond14_preheader_3 default: LEGUP_F_sobel_filter_BB_for_inc54_8
state: LEGUP_F_sobel_filter_BB_for_cond14_preheader_3, basic block: BB_for_cond14_preheader
   %mem.flat.gep77 = getelementptr [262144 x i8]* %in, i32 0, i32 %8, !dbg !404, !MSB !390, !LSB !391, !ExtendFrom !390 (endState: LEGUP_F_sobel_filter_BB_for_cond14_preheader_3)
   %mem.flat.gep67 = getelementptr [262144 x i8]* %in, i32 0, i32 %9, !dbg !404, !MSB !390, !LSB !391, !ExtendFrom !390 (endState: LEGUP_F_sobel_filter_BB_for_cond14_preheader_3)
   %mem.flat.gep57 = getelementptr [262144 x i8]* %in, i32 0, i32 %10, !dbg !404, !MSB !390, !LSB !391, !ExtendFrom !390 (endState: LEGUP_F_sobel_filter_BB_for_cond14_preheader_3)
   %mem.flat.gep47 = getelementptr [262144 x i8]* %in, i32 0, i32 %11, !dbg !404, !MSB !390, !LSB !391, !ExtendFrom !390 (endState: LEGUP_F_sobel_filter_BB_for_cond14_preheader_3)
   %mem.flat.gep37 = getelementptr [262144 x i8]* %in, i32 0, i32 %12, !dbg !404, !MSB !390, !LSB !391, !ExtendFrom !390 (endState: LEGUP_F_sobel_filter_BB_for_cond14_preheader_3)
   %mem.flat.gep27 = getelementptr [262144 x i8]* %in, i32 0, i32 %13, !dbg !404, !MSB !390, !LSB !391, !ExtendFrom !390 (endState: LEGUP_F_sobel_filter_BB_for_cond14_preheader_3)
   %mem.flat.gep17 = getelementptr [262144 x i8]* %in, i32 0, i32 %14, !dbg !404, !MSB !390, !LSB !391, !ExtendFrom !390 (endState: LEGUP_F_sobel_filter_BB_for_cond14_preheader_3)
   %mem.flat.gep7 = getelementptr [262144 x i8]* %in, i32 0, i32 %15, !dbg !404, !MSB !390, !LSB !391, !ExtendFrom !390 (endState: LEGUP_F_sobel_filter_BB_for_cond14_preheader_3)
   %16 = load i8* %mem.flat.gep7, align 1, !dbg !404, !tbaa !405, !MSB !408, !LSB !391, !ExtendFrom !408 (endState: LEGUP_F_sobel_filter_BB_for_cond14_preheader_4)
   %18 = load i8* %mem.flat.gep27, align 1, !dbg !404, !tbaa !405, !MSB !408, !LSB !391, !ExtendFrom !408 (endState: LEGUP_F_sobel_filter_BB_for_cond14_preheader_4)
   Transition: default: LEGUP_F_sobel_filter_BB_for_cond14_preheader_4
state: LEGUP_F_sobel_filter_BB_for_cond14_preheader_4, basic block: BB_for_cond14_preheader
   %bit_concat13 = call i32 @hls_bit_concat_24_8(i24 0, i64 24, i8 %16, i64 8), !MSB !408, !LSB !391, !ExtendFrom !408 (endState: LEGUP_F_sobel_filter_BB_for_cond14_preheader_4)
   %17 = load i8* %mem.flat.gep17, align 1, !dbg !404, !tbaa !405, !MSB !408, !LSB !391, !ExtendFrom !408 (endState: LEGUP_F_sobel_filter_BB_for_cond14_preheader_5)
   %bit_concat11 = call i32 @hls_bit_concat_24_8(i24 0, i64 24, i8 %18, i64 8), !MSB !408, !LSB !391, !ExtendFrom !408 (endState: LEGUP_F_sobel_filter_BB_for_cond14_preheader_4)
   %21 = load i8* %mem.flat.gep57, align 1, !dbg !404, !tbaa !405, !MSB !408, !LSB !391, !ExtendFrom !408 (endState: LEGUP_F_sobel_filter_BB_for_cond14_preheader_5)
   %add28.143 = sub i32 %bit_concat11, %bit_concat13, !dbg !412, !MSB !396, !LSB !391, !ExtendFrom !409 (endState: LEGUP_F_sobel_filter_BB_for_cond14_preheader_4)
   %add34.2 = add nuw nsw i32 %bit_concat11, %bit_concat13, !dbg !414, !MSB !409, !LSB !391, !ExtendFrom !409 (endState: LEGUP_F_sobel_filter_BB_for_cond14_preheader_4)
   Transition: default: LEGUP_F_sobel_filter_BB_for_cond14_preheader_5
state: LEGUP_F_sobel_filter_BB_for_cond14_preheader_5, basic block: BB_for_cond14_preheader
   %bit_concat12 = call i32 @hls_bit_concat_24_8(i24 0, i64 24, i8 %17, i64 8), !MSB !408, !LSB !391, !ExtendFrom !408 (endState: LEGUP_F_sobel_filter_BB_for_cond14_preheader_5)
   %19 = load i8* %mem.flat.gep37, align 1, !dbg !404, !tbaa !405, !MSB !408, !LSB !391, !ExtendFrom !408 (endState: LEGUP_F_sobel_filter_BB_for_cond14_preheader_6)
   %20 = load i8* %mem.flat.gep47, align 1, !dbg !404, !tbaa !405, !MSB !408, !LSB !391, !ExtendFrom !408 (endState: LEGUP_F_sobel_filter_BB_for_cond14_preheader_6)
   %bit_concat8 = call i32 @hls_bit_concat_24_8(i24 0, i64 24, i8 %21, i64 8), !MSB !408, !LSB !391, !ExtendFrom !408 (endState: LEGUP_F_sobel_filter_BB_for_cond14_preheader_5)
   %add28.2.1 = sub i32 %add28.143, %bit_concat8, !dbg !412, !MSB !396, !LSB !391, !ExtendFrom !392 (endState: LEGUP_F_sobel_filter_BB_for_cond14_preheader_5)
   %add34.254 = sub i32 %add34.2, %bit_concat8, !dbg !414, !MSB !396, !LSB !391, !ExtendFrom !392 (endState: LEGUP_F_sobel_filter_BB_for_cond14_preheader_5)
   Transition: default: LEGUP_F_sobel_filter_BB_for_cond14_preheader_6
state: LEGUP_F_sobel_filter_BB_for_cond14_preheader_6, basic block: BB_for_cond14_preheader
   %bit_concat10 = call i32 @hls_bit_concat_24_8(i24 0, i64 24, i8 %19, i64 8), !MSB !408, !LSB !391, !ExtendFrom !408 (endState: LEGUP_F_sobel_filter_BB_for_cond14_preheader_6)
   %bit_concat9 = call i32 @hls_bit_concat_24_8(i24 0, i64 24, i8 %20, i64 8), !MSB !408, !LSB !391, !ExtendFrom !408 (endState: LEGUP_F_sobel_filter_BB_for_cond14_preheader_6)
   %22 = load i8* %mem.flat.gep67, align 1, !dbg !404, !tbaa !405, !MSB !408, !LSB !391, !ExtendFrom !408 (endState: LEGUP_F_sobel_filter_BB_for_cond14_preheader_7)
   %23 = load i8* %mem.flat.gep77, align 1, !dbg !404, !tbaa !405, !MSB !408, !LSB !391, !ExtendFrom !408 (endState: LEGUP_F_sobel_filter_BB_for_cond14_preheader_7)
   %tmp = sub i32 %bit_concat9, %bit_concat10, !MSB !396, !LSB !391, !ExtendFrom !409 (endState: LEGUP_F_sobel_filter_BB_for_cond14_preheader_6)
   %bit_select4 = call i31 @hls_bit_select_31_32(i32 %tmp, i64 30, i64 0), !MSB !410, !LSB !391, !ExtendFrom !409 (endState: LEGUP_F_sobel_filter_BB_for_cond14_preheader_6)
   %bit_concat5 = call i32 @hls_bit_concat_31_1(i31 %bit_select4, i64 31, i1 false, i64 1), !MSB !396, !LSB !411, !ExtendFrom !392 (endState: LEGUP_F_sobel_filter_BB_for_cond14_preheader_6)
   Transition: default: LEGUP_F_sobel_filter_BB_for_cond14_preheader_7
state: LEGUP_F_sobel_filter_BB_for_cond14_preheader_7, basic block: BB_for_cond14_preheader
   %bit_concat7 = call i32 @hls_bit_concat_24_8(i24 0, i64 24, i8 %22, i64 8), !MSB !408, !LSB !391, !ExtendFrom !408 (endState: LEGUP_F_sobel_filter_BB_for_cond14_preheader_7)
   %bit_concat6 = call i32 @hls_bit_concat_24_8(i24 0, i64 24, i8 %23, i64 8), !MSB !408, !LSB !391, !ExtendFrom !408 (endState: LEGUP_F_sobel_filter_BB_for_cond14_preheader_7)
   %add28.251 = add nsw i32 %add28.2.1, %bit_concat6, !dbg !412, !MSB !396, !LSB !391, !ExtendFrom !398 (endState: LEGUP_F_sobel_filter_BB_for_cond14_preheader_7)
   %add28.2.2 = add nsw i32 %add28.251, %bit_concat5, !dbg !412, !MSB !396, !LSB !391, !ExtendFrom !413 (endState: LEGUP_F_sobel_filter_BB_for_cond14_preheader_7)
   %bit_select2 = call i1 @hls_bit_select_1_32(i32 %add28.2.2, i64 31, i64 31), !MSB !391, !LSB !391, !ExtendFrom !391 (endState: LEGUP_F_sobel_filter_BB_for_cond14_preheader_7)
   %tmp3 = sub i32 %bit_concat12, %bit_concat7, !MSB !396, !LSB !391, !ExtendFrom !409 (endState: LEGUP_F_sobel_filter_BB_for_cond14_preheader_7)
   %bit_select3 = call i31 @hls_bit_select_31_32(i32 %tmp3, i64 30, i64 0), !MSB !410, !LSB !391, !ExtendFrom !409 (endState: LEGUP_F_sobel_filter_BB_for_cond14_preheader_7)
   %bit_concat = call i32 @hls_bit_concat_31_1(i31 %bit_select3, i64 31, i1 false, i64 1), !MSB !396, !LSB !411, !ExtendFrom !392 (endState: LEGUP_F_sobel_filter_BB_for_cond14_preheader_7)
   %add34.1.2 = sub i32 %add34.254, %bit_concat6, !dbg !414, !MSB !396, !LSB !391, !ExtendFrom !398 (endState: LEGUP_F_sobel_filter_BB_for_cond14_preheader_7)
   %add34.2.2 = add nsw i32 %add34.1.2, %bit_concat, !dbg !414, !MSB !396, !LSB !391, !ExtendFrom !413 (endState: LEGUP_F_sobel_filter_BB_for_cond14_preheader_7)
   %bit_select1 = call i1 @hls_bit_select_1_32(i32 %add34.2.2, i64 31, i64 31), !MSB !391, !LSB !391, !ExtendFrom !391 (endState: LEGUP_F_sobel_filter_BB_for_cond14_preheader_7)
   %sub = sub nsw i32 0, %add28.2.2, !dbg !415, !MSB !396, !LSB !391, !ExtendFrom !417 (endState: LEGUP_F_sobel_filter_BB_for_cond14_preheader_7)
   %cond = select i1 %bit_select2, i32 %sub, i32 %add28.2.2, !dbg !418, !MSB !396, !LSB !391, !ExtendFrom !417 (endState: LEGUP_F_sobel_filter_BB_for_cond14_preheader_7)
   %sub41 = sub nsw i32 0, %add34.2.2, !dbg !419, !MSB !396, !LSB !391, !ExtendFrom !417 (endState: LEGUP_F_sobel_filter_BB_for_cond14_preheader_7)
   %cond44 = select i1 %bit_select1, i32 %sub41, i32 %add34.2.2, !dbg !421, !MSB !396, !LSB !391, !ExtendFrom !417 (endState: LEGUP_F_sobel_filter_BB_for_cond14_preheader_7)
   %add45 = add nsw i32 %cond44, %cond, !dbg !422, !MSB !396, !LSB !391, !ExtendFrom !423 (endState: LEGUP_F_sobel_filter_BB_for_cond14_preheader_7)
   %bit_select = call i8 @hls_bit_select_8_32(i32 %add45, i64 7, i64 0), !MSB !408, !LSB !391, !ExtendFrom !408 (endState: LEGUP_F_sobel_filter_BB_for_cond14_preheader_7)
   %cmp46 = icmp sgt i32 %add45, 255, !dbg !424, !MSB !391, !LSB !391, !ExtendFrom !391 (endState: LEGUP_F_sobel_filter_BB_for_cond14_preheader_7)
   %conv51 = select i1 %cmp46, i8 -1, i8 %bit_select, !dbg !425, !MSB !408, !LSB !391, !ExtendFrom !408 (endState: LEGUP_F_sobel_filter_BB_for_cond14_preheader_7)
   br label %for.inc54, !dbg !426, !MSB !390, !LSB !391, !ExtendFrom !390
   Transition: default: LEGUP_F_sobel_filter_BB_for_inc54_8
state: LEGUP_F_sobel_filter_BB_for_inc54_8, basic block: BB_for_inc54
   %conv51.sink = phi i8 [ %conv51, %for.cond14.preheader ], [ 0, %for.body3 ], !MSB !408, !LSB !391, !ExtendFrom !408 (endState: LEGUP_F_sobel_filter_BB_for_inc54_8)
   %24 = add i32 %7, 1, !dbg !427, !MSB !396, !LSB !391, !ExtendFrom !396 (endState: LEGUP_F_sobel_filter_BB_for_inc54_8)
   store i8 %conv51.sink, i8* %mem.flat.gep87, align 1, !dbg !402, !MSB !390, !LSB !391, !ExtendFrom !390 (endState: LEGUP_F_sobel_filter_BB_for_inc54_9)
   %exitcond2 = icmp eq i32 %24, 512, !dbg !399, !MSB !391, !LSB !391, !ExtendFrom !391 (endState: LEGUP_F_sobel_filter_BB_for_inc54_8)
   %25 = add i32 %bit_concat20, %24, !dbg !394, !MSB !396, !LSB !391, !ExtendFrom !396 (endState: LEGUP_F_sobel_filter_BB_for_inc54_8)
   Transition: default: LEGUP_F_sobel_filter_BB_for_inc54_9
state: LEGUP_F_sobel_filter_BB_for_inc54_9, basic block: BB_for_inc54
   br i1 %exitcond2, label %for.inc57, label %for.body3, !dbg !399, !legup.tripCount !428, !MSB !390, !LSB !391, !ExtendFrom !390
   Transition: if (%exitcond2): LEGUP_F_sobel_filter_BB_for_inc57_10 default: LEGUP_F_sobel_filter_BB_for_body3_2
state: LEGUP_F_sobel_filter_BB_for_inc57_10, basic block: BB_for_inc57
   %26 = add i32 %i.038, 1, !dbg !387, !MSB !398, !LSB !391, !ExtendFrom !398 (endState: LEGUP_F_sobel_filter_BB_for_inc57_10)
   %exitcond = icmp eq i32 %26, 512, !dbg !387, !MSB !391, !LSB !391, !ExtendFrom !391 (endState: LEGUP_F_sobel_filter_BB_for_inc57_10)
   br i1 %exitcond, label %for.end59, label %for.cond1.preheader, !dbg !387, !legup.tripCount !428, !MSB !390, !LSB !391, !ExtendFrom !390
   Transition: if (%exitcond): LEGUP_F_sobel_filter_BB_for_end59_11 default: LEGUP_F_sobel_filter_BB_for_cond1_preheader_1
state: LEGUP_F_sobel_filter_BB_for_end59_11, basic block: BB_for_end59
   ret void, !dbg !429, !MSB !390, !LSB !391, !ExtendFrom !390
   Transition: default: LEGUP_0

Basic Block: BB_entry, Num States: 1, Location: <sobel.cpp:17>
Basic Block: BB_for_cond1_preheader, Num States: 1, Location: <sobel.cpp:17-18,20>
Basic Block: BB_for_body3, Num States: 1, Location: <sobel.cpp:18,20-21>
Basic Block: BB_for_cond14_preheader, Num States: 5, Location: <sobel.cpp:29-31,35-36,38-39,41-42>
Basic Block: BB_for_inc54, Num States: 2, Location: <sobel.cpp:18,20-21,41>
Basic Block: BB_for_inc57, Num States: 1, Location: <sobel.cpp:17>
Basic Block: BB_for_end59, Num States: 1, Location: <sobel.cpp:44>
End Function: sobel_filter
--------------------------------------------------------------------------------

